public vmj.auth.storages.StorageImpl()
public vmj.auth.verifiers.VerifierImpl()
May 09, 2025 11:11:19 PM org.hibernate.Version logVersion
INFO: HHH000412: Hibernate ORM core version [WORKING]
May 09, 2025 11:11:19 PM org.hibernate.cfg.Environment <clinit>
INFO: HHH000205: Loaded properties from resource hibernate.properties: {hibernate.hbm2ddl.auto=update, hibernate.dialect=org.hibernate.dialect.PostgreSQL94Dialect, hibernate.driver_class=org.postgresql.Driver, hibernate.connection.password=****, hibernate.connection.username=postgres, hibernate.connection.url=jdbc:postgresql://localhost:5432/kostple_product_uhuykost, hibernate.bytecode.use_reflection_optimizer=false, hibernate.show_sql=false}
May 09, 2025 11:11:19 PM org.hibernate.annotations.common.reflection.java.JavaReflectionManager <clinit>
INFO: HCANN000001: Hibernate Commons Annotations {5.1.2.Final}
May 09, 2025 11:11:19 PM org.hibernate.engine.jdbc.connections.internal.DriverManagerConnectionProviderImpl configure
WARN: HHH10001002: Using Hibernate built-in connection pool (not for production use!)
May 09, 2025 11:11:19 PM org.hibernate.engine.jdbc.connections.internal.DriverManagerConnectionProviderImpl buildCreator
INFO: HHH10001005: using driver [null] at URL [jdbc:postgresql://localhost:5432/kostple_product_uhuykost]
May 09, 2025 11:11:19 PM org.hibernate.engine.jdbc.connections.internal.DriverManagerConnectionProviderImpl buildCreator
INFO: HHH10001001: Connection properties: {password=****, user=postgres}
May 09, 2025 11:11:19 PM org.hibernate.engine.jdbc.connections.internal.DriverManagerConnectionProviderImpl buildCreator
INFO: HHH10001003: Autocommit mode: false
May 09, 2025 11:11:19 PM org.hibernate.engine.jdbc.connections.internal.DriverManagerConnectionProviderImpl$PooledConnections <init>
INFO: HHH000115: Hibernate connection pool size: 20 (min=1)
May 09, 2025 11:11:19 PM org.hibernate.dialect.Dialect <init>
INFO: HHH000400: Using dialect: org.hibernate.dialect.PostgreSQL94Dialect
May 09, 2025 11:11:19 PM org.hibernate.resource.transaction.backend.jdbc.internal.DdlTransactionIsolatorNonJtaImpl getIsolatedConnection
INFO: HHH10001501: Connection obtained from JdbcConnectionAccess [org.hibernate.engine.jdbc.env.internal.JdbcEnvironmentInitiator$ConnectionProviderJdbcConnectionAccess@2fe74516] for (non-JTA) DDL execution was not in auto-commit mode; the Connection 'local transaction' will be committed and the Connection will be set into auto-commit mode.
May 09, 2025 11:11:20 PM org.hibernate.engine.transaction.jta.platform.internal.JtaPlatformInitiator initiateService
INFO: HHH000490: Using JtaPlatform implementation: [org.hibernate.engine.transaction.jta.platform.internal.NoJtaPlatform]
May 09, 2025 11:11:20 PM org.hibernate.engine.jdbc.spi.SqlExceptionHelper logExceptions
WARN: SQL Error: 0, SQLState: 42701
May 09, 2025 11:11:20 PM org.hibernate.engine.jdbc.spi.SqlExceptionHelper logExceptions
ERROR: ERROR: column "modulesequence" of relation "kamar_comp" already exists
javax.persistence.PersistenceException: org.hibernate.exception.SQLGrammarException: could not execute statement
	at org.hibernate.orm.core@5.5.0.Final/org.hibernate.internal.ExceptionConverterImpl.convert(ExceptionConverterImpl.java:154)
	at org.hibernate.orm.core@5.5.0.Final/org.hibernate.internal.ExceptionConverterImpl.convert(ExceptionConverterImpl.java:181)
	at org.hibernate.orm.core@5.5.0.Final/org.hibernate.query.internal.AbstractProducedQuery.executeUpdate(AbstractProducedQuery.java:1705)
	at vmj.hibernate.integrator/vmj.hibernate.integrator.HibernateUtil.addColumn(HibernateUtil.java:98)
	at vmj.hibernate.integrator/vmj.hibernate.integrator.HibernateUtil.configureSupportColumns(HibernateUtil.java:60)
	at vmj.hibernate.integrator/vmj.hibernate.integrator.HibernateUtil.buildSessionFactory(HibernateUtil.java:45)
	at kostple.product.uhuykost/kostple.product.uhuykost.Uhuykost.main(Uhuykost.java:103)
Caused by: org.hibernate.exception.SQLGrammarException: could not execute statement
	at org.hibernate.orm.core@5.5.0.Final/org.hibernate.exception.internal.SQLStateConversionDelegate.convert(SQLStateConversionDelegate.java:103)
	at org.hibernate.orm.core@5.5.0.Final/org.hibernate.exception.internal.StandardSQLExceptionConverter.convert(StandardSQLExceptionConverter.java:42)
	at org.hibernate.orm.core@5.5.0.Final/org.hibernate.engine.jdbc.spi.SqlExceptionHelper.convert(SqlExceptionHelper.java:113)
	at org.hibernate.orm.core@5.5.0.Final/org.hibernate.engine.jdbc.spi.SqlExceptionHelper.convert(SqlExceptionHelper.java:99)
	at org.hibernate.orm.core@5.5.0.Final/org.hibernate.engine.jdbc.internal.ResultSetReturnImpl.executeUpdate(ResultSetReturnImpl.java:200)
	at org.hibernate.orm.core@5.5.0.Final/org.hibernate.engine.query.spi.NativeSQLQueryPlan.performExecuteUpdate(NativeSQLQueryPlan.java:107)
	at org.hibernate.orm.core@5.5.0.Final/org.hibernate.internal.SessionImpl.executeNativeUpdate(SessionImpl.java:1538)
	at org.hibernate.orm.core@5.5.0.Final/org.hibernate.query.internal.NativeQueryImpl.doExecuteUpdate(NativeQueryImpl.java:298)
	at org.hibernate.orm.core@5.5.0.Final/org.hibernate.query.internal.AbstractProducedQuery.executeUpdate(AbstractProducedQuery.java:1696)
	... 4 more
Caused by: org.postgresql.util.PSQLException: ERROR: column "modulesequence" of relation "kamar_comp" already exists
	at org.postgresql.jdbc@42.2.21/org.postgresql.core.v3.QueryExecutorImpl.receiveErrorResponse(QueryExecutorImpl.java:2575)
	at org.postgresql.jdbc@42.2.21/org.postgresql.core.v3.QueryExecutorImpl.processResults(QueryExecutorImpl.java:2297)
	at org.postgresql.jdbc@42.2.21/org.postgresql.core.v3.QueryExecutorImpl.execute(QueryExecutorImpl.java:335)
	at org.postgresql.jdbc@42.2.21/org.postgresql.jdbc.PgStatement.executeInternal(PgStatement.java:481)
	at org.postgresql.jdbc@42.2.21/org.postgresql.jdbc.PgStatement.execute(PgStatement.java:401)
	at org.postgresql.jdbc@42.2.21/org.postgresql.jdbc.PgPreparedStatement.executeWithFlags(PgPreparedStatement.java:164)
	at org.postgresql.jdbc@42.2.21/org.postgresql.jdbc.PgPreparedStatement.executeUpdate(PgPreparedStatement.java:130)
	at org.hibernate.orm.core@5.5.0.Final/org.hibernate.engine.jdbc.internal.ResultSetReturnImpl.executeUpdate(ResultSetReturnImpl.java:197)
	... 8 more
org.hibernate.exception.SQLGrammarException: could not execute statement
java.lang.IllegalStateException: org.hibernate.resource.jdbc.internal.LogicalConnectionManagedImpl@7ba93755 is closed
	at org.hibernate.orm.core@5.5.0.Final/org.hibernate.resource.jdbc.internal.AbstractLogicalConnectionImplementor.errorIfClosed(AbstractLogicalConnectionImplementor.java:37)
	at org.hibernate.orm.core@5.5.0.Final/org.hibernate.resource.jdbc.internal.LogicalConnectionManagedImpl.getPhysicalConnection(LogicalConnectionManagedImpl.java:137)
	at org.hibernate.orm.core@5.5.0.Final/org.hibernate.resource.jdbc.internal.LogicalConnectionManagedImpl.getConnectionForTransactionManagement(LogicalConnectionManagedImpl.java:276)
	at org.hibernate.orm.core@5.5.0.Final/org.hibernate.resource.jdbc.internal.AbstractLogicalConnectionImplementor.rollback(AbstractLogicalConnectionImplementor.java:121)
	at org.hibernate.orm.core@5.5.0.Final/org.hibernate.resource.transaction.backend.jdbc.internal.JdbcResourceLocalTransactionCoordinatorImpl$TransactionDriverControlImpl.rollback(JdbcResourceLocalTransactionCoordinatorImpl.java:304)
	at org.hibernate.orm.core@5.5.0.Final/org.hibernate.engine.transaction.internal.TransactionImpl.rollback(TransactionImpl.java:142)
	at vmj.hibernate.integrator/vmj.hibernate.integrator.HibernateUtil.addColumn(HibernateUtil.java:104)
	at vmj.hibernate.integrator/vmj.hibernate.integrator.HibernateUtil.configureSupportColumns(HibernateUtil.java:60)
	at vmj.hibernate.integrator/vmj.hibernate.integrator.HibernateUtil.buildSessionFactory(HibernateUtil.java:45)
	at kostple.product.uhuykost/kostple.product.uhuykost.Uhuykost.main(Uhuykost.java:103)
== CREATING OBJECTS AND BINDING ENDPOINTS ==
public vmj.auth.model.core.UserResourceImpl()
public vmj.auth.model.core.RoleResourceImpl()
public vmj.auth.model.core.UserResourceImpl()
public vmj.auth.model.passworded.UserResourceImpl(vmj.auth.model.core.UserResourceComponent)
UserResourceImpl constructor start
UserResourceImpl constructor middle
UserResourceImpl userRoleDao: vmj.hibernate.integrator.RepositoryUtil@716185fe
UserResourceImpl constructor end
propertiProperti4Resource endpoints binding
Is Multi-Perms Annotation Present: false
Is Single Perm Annotation Present: false
http://localhost:7778/call/properti/create
Is Multi-Perms Annotation Present: false
Is Single Perm Annotation Present: false
http://localhost:7778/call/properti/list
Is Multi-Perms Annotation Present: false
Is Single Perm Annotation Present: false
http://localhost:7778/call/properti/save
Is Multi-Perms Annotation Present: false
Is Single Perm Annotation Present: false
http://localhost:7778/call/properti/update
Is Multi-Perms Annotation Present: false
Is Single Perm Annotation Present: false
http://localhost:7778/call/properti/delete
Is Multi-Perms Annotation Present: false
Is Single Perm Annotation Present: false
http://localhost:7778/call/properti/detail
propertiProperti4Service endpoints binding
pemesananPemesanan2Resource endpoints binding
Is Multi-Perms Annotation Present: false
Is Single Perm Annotation Present: false
http://localhost:7778/call/pemesanan/list
Is Multi-Perms Annotation Present: false
Is Single Perm Annotation Present: false
http://localhost:7778/call/pemesanan/update
Is Multi-Perms Annotation Present: false
Is Single Perm Annotation Present: false
http://localhost:7778/call/pemesanan/delete
Is Multi-Perms Annotation Present: false
Is Single Perm Annotation Present: false
http://localhost:7778/call/pemesanan
Is Multi-Perms Annotation Present: false
Is Single Perm Annotation Present: false
http://localhost:7778/call/pemesanan/detail
pemesananPemesanan2Service endpoints binding
kamarKamar2Resource endpoints binding
Is Multi-Perms Annotation Present: false
Is Single Perm Annotation Present: false
http://localhost:7778/call/kamar
Is Multi-Perms Annotation Present: false
Is Single Perm Annotation Present: false
http://localhost:7778/call/kamar/list
Is Multi-Perms Annotation Present: false
Is Single Perm Annotation Present: false
http://localhost:7778/call/kamar/update
Is Multi-Perms Annotation Present: false
Is Single Perm Annotation Present: false
http://localhost:7778/call/kamar/detail
Is Multi-Perms Annotation Present: false
Is Single Perm Annotation Present: false
http://localhost:7778/call/kamar/delete
kamarKamar2Service endpoints binding
propertiProperti2Resource endpoints binding
Skipping registration: Endpoint already exists â†’ http://localhost:7778/call/properti/create
Skipping registration: Endpoint already exists â†’ http://localhost:7778/call/properti/list
Skipping registration: Endpoint already exists â†’ http://localhost:7778/call/properti/save
Skipping registration: Endpoint already exists â†’ http://localhost:7778/call/properti/update
Skipping registration: Endpoint already exists â†’ http://localhost:7778/call/properti/delete
Skipping registration: Endpoint already exists â†’ http://localhost:7778/call/properti/detail
propertiProperti2Service endpoints binding
profilpenggunaProfilPengguna2Resource endpoints binding
Is Multi-Perms Annotation Present: false
Is Single Perm Annotation Present: false
http://localhost:7778/call/profilpengguna/list
Is Multi-Perms Annotation Present: false
Is Single Perm Annotation Present: false
http://localhost:7778/call/profilpengguna/save
Is Multi-Perms Annotation Present: false
Is Single Perm Annotation Present: false
http://localhost:7778/call/profilpengguna/update
Is Multi-Perms Annotation Present: false
Is Single Perm Annotation Present: false
http://localhost:7778/call/profilpengguna/delete
Is Multi-Perms Annotation Present: false
Is Single Perm Annotation Present: false
http://localhost:7778/call/profilpengguna/detail
profilpenggunaProfilPengguna2Service endpoints binding
authResource endpoints binding
Is Multi-Perms Annotation Present: false
Is Single Perm Annotation Present: false
http://localhost:7778/auth/forgot-password-token
Is Multi-Perms Annotation Present: false
Is Single Perm Annotation Present: true
http://localhost:7778/call/user/save
Is Multi-Perms Annotation Present: false
Is Single Perm Annotation Present: false
http://localhost:7778/auth/forgot-password
Is Multi-Perms Annotation Present: false
Is Single Perm Annotation Present: false
http://localhost:7778/auth/user/save
Is Multi-Perms Annotation Present: false
Is Single Perm Annotation Present: true
http://localhost:7778/call/user/delete
Is Multi-Perms Annotation Present: false
Is Single Perm Annotation Present: false
http://localhost:7778/auth/login/pwd
Is Multi-Perms Annotation Present: false
Is Single Perm Annotation Present: true
http://localhost:7778/call/role/list
Is Multi-Perms Annotation Present: false
Is Single Perm Annotation Present: true
http://localhost:7778/call/role/update
Is Multi-Perms Annotation Present: false
Is Single Perm Annotation Present: true
http://localhost:7778/call/role/save
Is Multi-Perms Annotation Present: false
Is Single Perm Annotation Present: true
http://localhost:7778/call/role/delete
Is Multi-Perms Annotation Present: false
Is Single Perm Annotation Present: true
http://localhost:7778/call/role/detail
Is Multi-Perms Annotation Present: false
Is Single Perm Annotation Present: true
http://localhost:7778/call/user/update
Is Multi-Perms Annotation Present: false
Is Single Perm Annotation Present: true
http://localhost:7778/call/user/list
Is Multi-Perms Annotation Present: false
Is Single Perm Annotation Present: false
http://localhost:7778/auth/register
Is Multi-Perms Annotation Present: false
Is Single Perm Annotation Present: true
http://localhost:7778/call/user/changerole
Is Multi-Perms Annotation Present: false
Is Single Perm Annotation Present: true
http://localhost:7778/call/user/detail
{  "namaProperti": "Nama Kost Contoh",  "deskripsiProperti": "Deskripsi lengkap properti.",  "lokasiProperti": "Alamat lengkap properti",  "fotoUrlProperti": "https://example.com/foto.jpg",  "idProfilPengguna":"5a41a689-b02a-4abe-a2ba-cb41e03e0547"}
Is Multi-Perms Annotation Present: false
Is Single Perm Annotation Present: false
May 09, 2025 11:11:25 PM KostPLE.properti.PropertiFactory createProperti
SEVERE: Failed to create instance of Properti.
May 09, 2025 11:11:25 PM KostPLE.properti.PropertiFactory createProperti
SEVERE: Given FQN: KostPLE.properti.core.PropertiImpl
May 09, 2025 11:11:25 PM KostPLE.properti.PropertiFactory createProperti
SEVERE: Failed to run: Check your constructor argument
